Fetching sites...
Testing scraper with site: 69a85663dac5131a0f4ed28e
Site URL: https://novelfull.net/
Target URL: https://novelfull.net/the-kings-avatar.html
--- RESULT ---
Status: 201
Response Body (Truncated chapters array):
Extracted total chapters: 1735
{
  "id": "69cfb1124cc5f07d44bc3e63",
  "title": "The King's Avatar",
  "sourceLink": "https://novelfull.net/the-kings-avatar.html",
  "sourceWebsiteId": "69a85663dac5131a0f4ed28e",
  "status": "PENDING",
  "wordReplacementSetting": [
    {
      "from": "old",
      "to": "new"
    }
  ],
  "description": "In the online game Glory, Ye Xiu is regarded as a textbook and a top-tier pro-player. However, due to a myriad reasons, he is kicked from the team. After leaving the professional scene, he finds work in an Internet Cafe as a manager. When Glory launches its tenth server, he who possesses ten years of gaming experience once again throws himself into the game. Bringing with him the memories of his past and an incomplete, self-made weapon, his return along the road to the summit begins!\n\tAfter fighting and scheming, who snatched away my glory? Under the tossing of the wind and rain, my dreams shall still appear as though they had never been shattered. In all its splendor, the path shall never be lost. Before the gazes of millions, this is where I return!\n\tMore Information: The King’s Avatar (Quan Zhi Gao Shou 全职高手), written by Butterfly Blue (蝴蝶蓝), is under the Gaming category. It received the title for Best Work in 2013 and is the first and only 1000 Pledged Work (千盟作品). It has 23 million hits on Qidian and has the 2nd most recommendations in its category with 4.6 million recommendations.",
  "imageLink": "data:image/jpeg;base64,/9j/4AAQSkZJRgABAQAAAQABAAD/2wCEAAUFBQUFBQUGBgUICAcICAsKC... (base64 truncated)",
  "failedChapters": [],
  "allChapters": [
    {
      "title": "Chapter 1 – The Banished Battle God",
      "url": "https://novelfull.net/the-kings-avatar/chapter-1-the-banished-battle-god.html",
      "status": "pending"
    },
    {
      "title": "Chapter 2 – Area 3 Number 47",
      "url": "https://novelfull.net/the-kings-avatar/chapter-2-area-3-number-47.html",
      "status": "pending"
    },
    {
      "title": "Chapter 3 – Special Duty: Night Shift",
      "url": "https://novelfull.net/the-kings-avatar/chapter-3-special-duty-night-shift.html",
      "status": "pending"
    },
    {
      "title": "... truncated ..."
    }
  ],
  "createdAt": "2026-04-03T12:22:42.558Z",
  "updatedAt": "2026-04-03T12:22:42.558Z"
}